[2026-07-24 11:37:08] ========================================
[2026-07-24 11:37:08] ??瘥?啗鞈??湔
[2026-07-24 11:37:08] ERROR嚗?(?曆??唳甈⊥?嚗?BatFile.Exception.Message)
[2026-07-24 11:37:08] ========================================
[2026-07-24 11:39:19] ========================================
[2026-07-24 11:39:19] ??瘥?啗鞈??湔
[2026-07-24 11:39:19] ???瑁?銝??寞活瑼?

     = Start-Process 
        -FilePath 
[2026-07-24 11:39:19] ERROR嚗?(?瑁?摰?敺銝 history.csv.Exception.Message)
[2026-07-24 11:39:19] ========================================
[2026-07-24 11:40:05] ========================================
[2026-07-24 11:40:05] Daily stock update started
[2026-07-24 11:40:05] Running: download_common_stocks_with_capital.bat
[2026-07-24 18:00:01] ========================================
[2026-07-24 18:00:01] Daily stock update started
[2026-07-24 18:00:01] Removing old history.csv
[2026-07-24 18:00:01] Running: download_common_stocks_with_capital.bat
[2026-07-27 08:16:12] Downloader completed
[2026-07-27 08:16:12] Replacing existing file: D:\twstock\history\history0724.csv
[2026-07-27 08:16:12] Saved: D:\twstock\history\history0724.csv
[2026-07-27 08:16:13] Running git add
